// Jest Snapshot v1, https://goo.gl/fbAQLP

exports[`renders correctly 1`] = `
<form
  className="calculator"
>
  <input
    className="calculator__screen"
    readOnly={true}
    value={0}
  />
  <img
    alt="Equal Experts"
    className="calculator__logo"
    src="logo.svg"
  />
  <Button
    label={
      <abbr
        title="Clear"
      >
        C
      </abbr>
    }
    onClick={[Function]}
    type="operation"
    value="clear"
  />
  <fieldset
    className="calculator__inputs"
  >
    <Button
      onClick={[Function]}
      value="8"
    />
    <Button
      onClick={[Function]}
      value="7"
    />
    <Button
      onClick={[Function]}
      value="9"
    />
    <Button
      disabled={true}
      label={
        <abbr
          title="Divide"
        >
          ÷
        </abbr>
      }
      type="operation"
      value="divide"
    />
    <Button
      onClick={[Function]}
      value="4"
    />
    <Button
      onClick={[Function]}
      value="5"
    />
    <Button
      onClick={[Function]}
      value="6"
    />
    <Button
      disabled={true}
      label={
        <abbr
          title="Times"
        >
          ×
        </abbr>
      }
      type="operation"
      value="times"
    />
    <Button
      onClick={[Function]}
      value="1"
    />
    <Button
      onClick={[Function]}
      value="2"
    />
    <Button
      onClick={[Function]}
      value="3"
    />
    <Button
      disabled={true}
      label={
        <abbr
          title="Minus"
        >
          −
        </abbr>
      }
      type="operation"
      value="minus"
    />
    <Button
      onClick={[Function]}
      value="0"
    />
    <Button
      onClick={[Function]}
      value="."
    />
    <Button
      label="="
      onClick={[Function]}
      value="equals"
    />
    <Button
      label={
        <abbr
          title="Plus"
        >
          +
        </abbr>
      }
      onClick={[Function]}
      type="operation"
      value="plus"
    />
  </fieldset>
</form>
`;
